// Jest Snapshot v1, https://goo.gl/fbAQLP

exports[`SignUpPage should render signup input forms 1`] = `
<div>
  <form
    onSubmit={[Function]}
  >
    <label>
      Username:
      <input
        onChange={[Function]}
        type="text"
        value=""
      />
    </label>
    <label>
      Email:
      <input
        onChange={[Function]}
        type="text"
        value=""
      />
    </label>
    <label>
      Password:
      <input
        onChange={[Function]}
        type="text"
        value=""
      />
    </label>
    <input
      type="submit"
      value="Signup"
    />
  </form>
</div>
`;
